Release 14.7 - xst P.20131013 (nt)
Copyright (c) 1995-2013 Xilinx, Inc.  All rights reserved.
--> Parameter TMPDIR set to xst/projnav.tmp


Total REAL time to Xst completion: 0.00 secs
Total CPU time to Xst completion: 0.28 secs
 
--> Parameter xsthdpdir set to xst


Total REAL time to Xst completion: 0.00 secs
Total CPU time to Xst completion: 0.28 secs
 
--> Reading design: vardisp.prj

TABLE OF CONTENTS
  1) Synthesis Options Summary
  2) HDL Parsing
  3) HDL Elaboration
  4) HDL Synthesis
       4.1) HDL Synthesis Report
  5) Advanced HDL Synthesis
       5.1) Advanced HDL Synthesis Report
  6) Low Level Synthesis
  7) Partition Report
  8) Design Summary
       8.1) Primitive and Black Box Usage
       8.2) Device utilization summary
       8.3) Partition Resource Summary
       8.4) Timing Report
            8.4.1) Clock Information
            8.4.2) Asynchronous Control Signals Information
            8.4.3) Timing Summary
            8.4.4) Timing Details
            8.4.5) Cross Clock Domains Report


=========================================================================
*                      Synthesis Options Summary                        *
=========================================================================
---- Source Parameters
Input File Name                    : "vardisp.prj"
Ignore Synthesis Constraint File   : NO

---- Target Parameters
Output File Name                   : "vardisp"
Output Format                      : NGC
Target Device                      : xc6slx16-3N-csg324

---- Source Options
Top Module Name                    : vardisp
Automatic FSM Extraction           : YES
FSM Encoding Algorithm             : Auto
Safe Implementation                : No
FSM Style                          : LUT
RAM Extraction                     : Yes
RAM Style                          : Auto
ROM Extraction                     : Yes
Shift Register Extraction          : YES
ROM Style                          : Auto
Resource Sharing                   : YES
Asynchronous To Synchronous        : NO
Shift Register Minimum Size        : 2
Use DSP Block                      : Auto
Automatic Register Balancing       : No

---- Target Options
LUT Combining                      : Auto
Reduce Control Sets                : Auto
Add IO Buffers                     : YES
Global Maximum Fanout              : 100000
Add Generic Clock Buffer(BUFG)     : 16
Register Duplication               : YES
Optimize Instantiated Primitives   : NO
Use Clock Enable                   : Auto
Use Synchronous Set                : Auto
Use Synchronous Reset              : Auto
Pack IO Registers into IOBs        : Auto
Equivalent register Removal        : YES

---- General Options
Optimization Goal                  : Speed
Optimization Effort                : 1
Power Reduction                    : NO
Keep Hierarchy                     : No
Netlist Hierarchy                  : As_Optimized
RTL Output                         : Yes
Global Optimization                : AllClockNets
Read Cores                         : YES
Write Timing Constraints           : NO
Cross Clock Analysis               : NO
Hierarchy Separator                : /
Bus Delimiter                      : <>
Case Specifier                     : Maintain
Slice Utilization Ratio            : 100
BRAM Utilization Ratio             : 100
DSP48 Utilization Ratio            : 100
Auto BRAM Packing                  : NO
Slice Utilization Ratio Delta      : 5

=========================================================================


=========================================================================
*                          HDL Parsing                                  *
=========================================================================
Parsing VHDL file "D:\FactoryFloorCalculator2025\timer.vhdl" into library work
Parsing entity <timer>.
Parsing architecture <Behavioral> of entity <timer>.
Parsing VHDL file "D:\FactoryFloorCalculator2025\bcd7seg.vhd" into library work
Parsing entity <bcd7seg>.
Parsing architecture <Behavioral> of entity <bcd7seg>.
Parsing VHDL file "D:\FactoryFloorCalculator2025\vardisp.vhdl" into library work
Parsing entity <vardisp>.
Parsing architecture <Behavioral> of entity <vardisp>.
WARNING:HDLCompiler:946 - "D:\FactoryFloorCalculator2025\vardisp.vhdl" Line 61: Actual for formal port sw is neither a static name nor a globally static expression

=========================================================================
*                            HDL Elaboration                            *
=========================================================================

Elaborating entity <vardisp> (architecture <Behavioral>) from library <work>.

Elaborating entity <bcd7seg> (architecture <Behavioral>) from library <work>.

Elaborating entity <timer> (architecture <Behavioral>) with generics from library <work>.

Elaborating entity <timer> (architecture <Behavioral>) with generics from library <work>.

=========================================================================
*                           HDL Synthesis                               *
=========================================================================

Synthesizing Unit <vardisp>.
    Related source file is "D:\FactoryFloorCalculator2025\vardisp.vhdl".
    Found 1-bit register for signal <zera>.
    Found 2-bit register for signal <disp>.
    Found 2-bit adder for signal <disp[1]_GND_5_o_add_0_OUT> created at line 47.
    Found 4-bit 4-to-1 multiplexer for signal <num> created at line 54.
    Summary:
	inferred   1 Adder/Subtractor(s).
	inferred   3 D-type flip-flop(s).
	inferred   1 Multiplexer(s).
Unit <vardisp> synthesized.

Synthesizing Unit <bcd7seg>.
    Related source file is "D:\FactoryFloorCalculator2025\bcd7seg.vhd".
    Found 16x7-bit Read Only RAM for signal <seg>
    Found 4x4-bit Read Only RAM for signal <an>
    Summary:
	inferred   2 RAM(s).
Unit <bcd7seg> synthesized.

Synthesizing Unit <timer_1>.
    Related source file is "D:\FactoryFloorCalculator2025\timer.vhdl".
        TC = "0000000000011000011010100000"
    Found 28-bit register for signal <COUNT>.
    Found 1-bit register for signal <Led0>.
    Found 28-bit adder for signal <COUNT[27]_COUNT[27]_mux_2_OUT> created at line 32.
    Found 28-bit comparator greater for signal <n0001> created at line 33
    Summary:
	inferred   1 Adder/Subtractor(s).
	inferred  29 D-type flip-flop(s).
	inferred   1 Comparator(s).
Unit <timer_1> synthesized.

Synthesizing Unit <timer_2>.
    Related source file is "D:\FactoryFloorCalculator2025\timer.vhdl".
        TC = "0101111101011110000100000000"
    Found 28-bit register for signal <COUNT>.
    Found 1-bit register for signal <Led0>.
    Found 28-bit adder for signal <COUNT[27]_COUNT[27]_mux_2_OUT> created at line 32.
    Found 28-bit comparator greater for signal <n0001> created at line 33
    Summary:
	inferred   1 Adder/Subtractor(s).
	inferred  29 D-type flip-flop(s).
	inferred   1 Comparator(s).
Unit <timer_2> synthesized.

=========================================================================
HDL Synthesis Report

Macro Statistics
# RAMs                                                 : 2
 16x7-bit single-port Read Only RAM                    : 1
 4x4-bit single-port Read Only RAM                     : 1
# Adders/Subtractors                                   : 3
 2-bit adder                                           : 1
 28-bit adder                                          : 2
# Registers                                            : 6
 1-bit register                                        : 3
 2-bit register                                        : 1
 28-bit register                                       : 2
# Comparators                                          : 2
 28-bit comparator greater                             : 2
# Multiplexers                                         : 1
 4-bit 4-to-1 multiplexer                              : 1

=========================================================================

=========================================================================
*                       Advanced HDL Synthesis                          *
=========================================================================


Synthesizing (advanced) Unit <bcd7seg>.
INFO:Xst:3218 - HDL ADVISOR - The RAM <Mram_seg> will be implemented on LUTs either because you have described an asynchronous read or because of currently unsupported block RAM features. If you have described an asynchronous read, making it synchronous would allow you to take advantage of available block RAM resources, for optimized device usage and improved timings. Please refer to your documentation for coding guidelines.
    -----------------------------------------------------------------------
    | ram_type           | Distributed                         |          |
    -----------------------------------------------------------------------
    | Port A                                                              |
    |     aspect ratio   | 16-word x 7-bit                     |          |
    |     weA            | connected to signal <GND>           | high     |
    |     addrA          | connected to signal <sw<3:0>>       |          |
    |     diA            | connected to signal <GND>           |          |
    |     doA            | connected to signal <seg>           |          |
    -----------------------------------------------------------------------
INFO:Xst:3218 - HDL ADVISOR - The RAM <Mram_an> will be implemented on LUTs either because you have described an asynchronous read or because of currently unsupported block RAM features. If you have described an asynchronous read, making it synchronous would allow you to take advantage of available block RAM resources, for optimized device usage and improved timings. Please refer to your documentation for coding guidelines.
    -----------------------------------------------------------------------
    | ram_type           | Distributed                         |          |
    -----------------------------------------------------------------------
    | Port A                                                              |
    |     aspect ratio   | 4-word x 4-bit                      |          |
    |     weA            | connected to signal <GND>           | high     |
    |     addrA          | connected to signal <sw<5:4>>       |          |
    |     diA            | connected to signal <GND>           |          |
    |     doA            | connected to signal <an>            |          |
    -----------------------------------------------------------------------
Unit <bcd7seg> synthesized (advanced).

Synthesizing (advanced) Unit <timer_1>.
The following registers are absorbed into counter <COUNT>: 1 register on signal <COUNT>.
Unit <timer_1> synthesized (advanced).

Synthesizing (advanced) Unit <timer_2>.
The following registers are absorbed into counter <COUNT>: 1 register on signal <COUNT>.
Unit <timer_2> synthesized (advanced).

Synthesizing (advanced) Unit <vardisp>.
The following registers are absorbed into counter <disp>: 1 register on signal <disp>.
Unit <vardisp> synthesized (advanced).

=========================================================================
Advanced HDL Synthesis Report

Macro Statistics
# RAMs                                                 : 2
 16x7-bit single-port distributed Read Only RAM        : 1
 4x4-bit single-port distributed Read Only RAM         : 1
# Counters                                             : 3
 2-bit up counter                                      : 1
 28-bit up counter                                     : 2
# Registers                                            : 3
 Flip-Flops                                            : 3
# Comparators                                          : 2
 28-bit comparator greater                             : 2
# Multiplexers                                         : 1
 4-bit 4-to-1 multiplexer                              : 1

=========================================================================

=========================================================================
*                         Low Level Synthesis                           *
=========================================================================
INFO:Xst:2146 - In block <vardisp>, Counter <u1/COUNT> <u2/COUNT> are equivalent, XST will keep only <u1/COUNT>.

Optimizing unit <vardisp> ...

Mapping all equations...
Building and optimizing final netlist ...
Found area constraint ratio of 100 (+ 5) on block vardisp, actual ratio is 0.

Final Macro Processing ...

=========================================================================
Final Register Report

Macro Statistics
# Registers                                            : 33
 Flip-Flops                                            : 33

=========================================================================

=========================================================================
*                           Partition Report                            *
=========================================================================

Partition Implementation Status
-------------------------------

  No Partitions were found in this design.

-------------------------------

=========================================================================
*                            Design Summary                             *
=========================================================================

Top Level Output File Name         : vardisp.ngc

Primitive and Black Box Usage:
------------------------------
# BELS                             : 126
#      GND                         : 1
#      INV                         : 2
#      LUT1                        : 27
#      LUT2                        : 5
#      LUT3                        : 6
#      LUT4                        : 10
#      LUT5                        : 8
#      LUT6                        : 6
#      MUXCY                       : 32
#      VCC                         : 1
#      XORCY                       : 28
# FlipFlops/Latches                : 33
#      FD                          : 1
#      FDC                         : 30
#      FDE                         : 2
# Clock Buffers                    : 1
#      BUFGP                       : 1
# IO Buffers                       : 28
#      IBUF                        : 16
#      OBUF                        : 12

Device utilization summary:
---------------------------

Selected Device : 6slx16csg324-3n 


Slice Logic Utilization: 
 Number of Slice Registers:              33  out of  18224     0%  
 Number of Slice LUTs:                   64  out of   9112     0%  
    Number used as Logic:                64  out of   9112     0%  

Slice Logic Distribution: 
 Number of LUT Flip Flop pairs used:     65
   Number with an unused Flip Flop:      32  out of     65    49%  
   Number with an unused LUT:             1  out of     65     1%  
   Number of fully used LUT-FF pairs:    32  out of     65    49%  
   Number of unique control sets:         3

IO Utilization: 
 Number of IOs:                          29
 Number of bonded IOBs:                  29  out of    232    12%  

Specific Feature Utilization:
 Number of BUFG/BUFGCTRLs:                1  out of     16     6%  

---------------------------
Partition Resource Summary:
---------------------------

  No Partitions were found in this design.

---------------------------


=========================================================================
Timing Report

NOTE: THESE TIMING NUMBERS ARE ONLY A SYNTHESIS ESTIMATE.
      FOR ACCURATE TIMING INFORMATION PLEASE REFER TO THE TRACE REPORT
      GENERATED AFTER PLACE-and-ROUTE.

Clock Information:
------------------
-----------------------------------+------------------------+-------+
Clock Signal                       | Clock buffer(FF name)  | Load  |
-----------------------------------+------------------------+-------+
Clk                                | BUFGP                  | 33    |
-----------------------------------+------------------------+-------+

Asynchronous Control Signals Information:
----------------------------------------
No asynchronous control signals found in this design

Timing Summary:
---------------
Speed Grade: -3

   Minimum period: 3.638ns (Maximum Frequency: 274.842MHz)
   Minimum input arrival time before clock: No path found
   Maximum output required time after clock: 6.244ns
   Maximum combinational path delay: 6.625ns

Timing Details:
---------------
All values displayed in nanoseconds (ns)

=========================================================================
Timing constraint: Default period analysis for Clock 'Clk'
  Clock period: 3.638ns (frequency: 274.842MHz)
  Total number of paths / destination ports: 514 / 65
-------------------------------------------------------------------------
Delay:               3.638ns (Levels of Logic = 3)
  Source:            u1/COUNT_26 (FF)
  Destination:       u2/Led0 (FF)
  Source Clock:      Clk rising
  Destination Clock: Clk rising

  Data Path: u1/COUNT_26 to u2/Led0
                                Gate     Net
    Cell:in->out      fanout   Delay   Delay  Logical Name (Net Name)
    ----------------------------------------  ------------
     FDC:C->Q              6   0.447   0.973  u1/COUNT_26 (u1/COUNT_26)
     LUT3:I0->O            1   0.205   0.924  u2/n0001_inv4_SW0 (N4)
     LUT6:I1->O            1   0.203   0.580  u2/n0001_inv5 (u2/n0001_inv)
     LUT3:I2->O            1   0.205   0.000  u2/Led0_rstpot (u2/Led0_rstpot)
     FDC:D                     0.102          u2/Led0
    ----------------------------------------
    Total                      3.638ns (1.162ns logic, 2.476ns route)
                                       (31.9% logic, 68.1% route)

=========================================================================
Timing constraint: Default OFFSET OUT AFTER for Clock 'Clk'
  Total number of paths / destination ports: 65 / 12
-------------------------------------------------------------------------
Offset:              6.244ns (Levels of Logic = 3)
  Source:            disp_0 (FF)
  Destination:       seg<0> (PAD)
  Source Clock:      Clk rising

  Data Path: disp_0 to seg<0>
                                Gate     Net
    Cell:in->out      fanout   Delay   Delay  Logical Name (Net Name)
    ----------------------------------------  ------------
     FDE:C->Q             10   0.447   1.221  disp_0 (disp_0)
     LUT6:I0->O            7   0.203   1.021  Mmux_num11 (num<0>)
     LUT4:I0->O            1   0.203   0.579  u0/Mram_seg21 (seg_4_OBUF)
     OBUF:I->O                 2.571          seg_4_OBUF (seg<4>)
    ----------------------------------------
    Total                      6.244ns (3.424ns logic, 2.820ns route)
                                       (54.8% logic, 45.2% route)

=========================================================================
Timing constraint: Default path analysis
  Total number of paths / destination ports: 112 / 7
-------------------------------------------------------------------------
Delay:               6.625ns (Levels of Logic = 4)
  Source:            uni<1> (PAD)
  Destination:       seg<0> (PAD)

  Data Path: uni<1> to seg<0>
                                Gate     Net
    Cell:in->out      fanout   Delay   Delay  Logical Name (Net Name)
    ----------------------------------------  ------------
     IBUF:I->O             1   1.222   0.827  uni_1_IBUF (uni_1_IBUF)
     LUT6:I2->O            7   0.203   1.021  Mmux_num21 (num<1>)
     LUT4:I0->O            1   0.203   0.579  u0/Mram_seg111 (seg_5_OBUF)
     OBUF:I->O                 2.571          seg_5_OBUF (seg<5>)
    ----------------------------------------
    Total                      6.625ns (4.199ns logic, 2.426ns route)
                                       (63.4% logic, 36.6% route)

=========================================================================

Cross Clock Domains Report:
--------------------------

Clock to Setup on destination clock Clk
---------------+---------+---------+---------+---------+
               | Src:Rise| Src:Fall| Src:Rise| Src:Fall|
Source Clock   |Dest:Rise|Dest:Rise|Dest:Fall|Dest:Fall|
---------------+---------+---------+---------+---------+
Clk            |    3.638|         |         |         |
---------------+---------+---------+---------+---------+

=========================================================================


Total REAL time to Xst completion: 7.00 secs
Total CPU time to Xst completion: 6.43 secs
 
--> 

Total memory usage is 191712 kilobytes

Number of errors   :    0 (   0 filtered)
Number of warnings :    1 (   0 filtered)
Number of infos    :    3 (   0 filtered)

